Flow report for fft_test
Sun Jun 02 11:32:29 2013
Quartus II Version 11.0 Build 157 04/27/2011 SJ Full Version


---------------------
; Table of Contents ;
---------------------
  1. Legal Notice
  2. Flow Summary
  3. Flow Settings
  4. Flow Non-Default Global Settings
  5. Flow Elapsed Time
  6. Flow OS Summary
  7. Flow Log



----------------
; Legal Notice ;
----------------
Copyright (C) 1991-2011 Altera Corporation
Your use of Altera Corporation's design tools, logic functions 
and other software and tools, and its AMPP partner logic 
functions, and any output files from any of the foregoing 
(including device programming or simulation files), and any 
associated documentation or information are expressly subject 
to the terms and conditions of the Altera Program License 
Subscription Agreement, Altera MegaCore Function License 
Agreement, or other applicable license agreement, including, 
without limitation, that your use is for the sole purpose of 
programming logic devices manufactured by Altera and sold by 
Altera or its authorized distributors.  Please refer to the 
applicable agreement for further details.



+--------------------------------------------------------------------------------+
; Flow Summary                                                                   ;
+------------------------------------+-------------------------------------------+
; Flow Status                        ; Successful - Sun Jun 02 11:32:29 2013     ;
; Quartus II Version                 ; 11.0 Build 157 04/27/2011 SJ Full Version ;
; Revision Name                      ; fft_test                                  ;
; Top-level Entity Name              ; fft_test                                  ;
; Family                             ; Cyclone II                                ;
; Device                             ; EP2C8Q208C8                               ;
; Timing Models                      ; Final                                     ;
; Total logic elements               ; 1,257 / 8,256 ( 15 % )                    ;
;     Total combinational functions  ; 1,046 / 8,256 ( 13 % )                    ;
;     Dedicated logic registers      ; 997 / 8,256 ( 12 % )                      ;
; Total registers                    ; 997                                       ;
; Total pins                         ; 53 / 138 ( 38 % )                         ;
; Total virtual pins                 ; 0                                         ;
; Total memory bits                  ; 4,736 / 165,888 ( 3 % )                   ;
; Embedded Multiplier 9-bit elements ; 4 / 36 ( 11 % )                           ;
; Total PLLs                         ; 0 / 2 ( 0 % )                             ;
+------------------------------------+-------------------------------------------+


+-----------------------------------------+
; Flow Settings                           ;
+-------------------+---------------------+
; Option            ; Setting             ;
+-------------------+---------------------+
; Start date & time ; 06/02/2013 11:31:44 ;
; Main task         ; Compilation         ;
; Revision Name     ; fft_test            ;
+-------------------+---------------------+


+--------------------------------------------------------------------------------------------------------------------------------------------------------------+
; Flow Non-Default Global Settings                                                                                                                             ;
+--------------------------------------+------------------------------------------------------------------------+---------------+-------------+----------------+
; Assignment Name                      ; Value                                                                  ; Default Value ; Entity Name ; Section Id     ;
+--------------------------------------+------------------------------------------------------------------------+---------------+-------------+----------------+
; COMPILER_SIGNATURE_ID                ; 166556534573.137014390305808                                           ; --            ; --          ; --             ;
; EDA_DESIGN_INSTANCE_NAME             ; fft_test_inst                                                          ; --            ; --          ; tb             ;
; EDA_IPFS_FILE                        ; fft_test.vo                                                            ; --            ; --          ; eda_simulation ;
; EDA_NATIVELINK_SIMULATION_TEST_BENCH ; tb                                                                     ; --            ; --          ; eda_simulation ;
; EDA_OUTPUT_DATA_FORMAT               ; Verilog Hdl                                                            ; --            ; --          ; eda_simulation ;
; EDA_SIMULATION_TOOL                  ; ModelSim-Altera (Verilog)                                              ; <None>        ; --          ; --             ;
; EDA_TEST_BENCH_ENABLE_STATUS         ; TEST_BENCH_MODE                                                        ; --            ; --          ; eda_simulation ;
; EDA_TEST_BENCH_FILE                  ; fft_test_1n256cos.hex                                                  ; --            ; --          ; tb             ;
; EDA_TEST_BENCH_FILE                  ; fft_test_1n256sin.hex                                                  ; --            ; --          ; tb             ;
; EDA_TEST_BENCH_FILE                  ; fft_test_2n256cos.hex                                                  ; --            ; --          ; tb             ;
; EDA_TEST_BENCH_FILE                  ; fft_test_2n256sin.hex                                                  ; --            ; --          ; tb             ;
; EDA_TEST_BENCH_FILE                  ; fft_test_3n256cos.hex                                                  ; --            ; --          ; tb             ;
; EDA_TEST_BENCH_FILE                  ; fft_test_3n256sin.hex                                                  ; --            ; --          ; tb             ;
; EDA_TEST_BENCH_FILE                  ; fft_test_imag_input.txt                                                ; --            ; --          ; tb             ;
; EDA_TEST_BENCH_FILE                  ; fft_test_real_input.txt                                                ; --            ; --          ; tb             ;
; EDA_TEST_BENCH_FILE                  ; fft_test_tb.v                                                          ; --            ; --          ; tb             ;
; EDA_TEST_BENCH_MODULE_NAME           ; work.fft_test_tb                                                       ; --            ; --          ; tb             ;
; EDA_TEST_BENCH_NAME                  ; tb                                                                     ; --            ; --          ; eda_simulation ;
; EDA_TIME_SCALE                       ; 1 ps                                                                   ; --            ; --          ; eda_simulation ;
; IP_TOOL_NAME                         ; FFT                                                                    ; --            ; --          ; --             ;
; IP_TOOL_VERSION                      ; 11.0                                                                   ; --            ; --          ; --             ;
; MAX_CORE_JUNCTION_TEMP               ; 85                                                                     ; --            ; --          ; --             ;
; MIN_CORE_JUNCTION_TEMP               ; 0                                                                      ; --            ; --          ; --             ;
; MISC_FILE                            ; fft-library/apn_fftfp_add_fft_110.vhd                                  ; --            ; --          ; --             ;
; MISC_FILE                            ; fft-library/apn_fftfp_core_fft_110.vhd                                 ; --            ; --          ; --             ;
; MISC_FILE                            ; fft-library/apn_fftfp_del_fft_110.vhd                                  ; --            ; --          ; --             ;
; MISC_FILE                            ; fft-library/apn_fftfp_dft4_fft_110.vhd                                 ; --            ; --          ; --             ;
; MISC_FILE                            ; fft-library/apn_fftfp_fft4_fft_110.vhd                                 ; --            ; --          ; --             ;
; MISC_FILE                            ; fft-library/apn_fftfp_laststage_fft_110.vhd                            ; --            ; --          ; --             ;
; MISC_FILE                            ; fft-library/apn_fftfp_lsft32_fft_110.vhd                               ; --            ; --          ; --             ;
; MISC_FILE                            ; fft-library/apn_fftfp_mul_2727_fft_110.vhd                             ; --            ; --          ; --             ;
; MISC_FILE                            ; fft-library/apn_fftfp_mul_fft_110.vhd                                  ; --            ; --          ; --             ;
; MISC_FILE                            ; fft-library/apn_fftfp_ram_fft_110.vhd                                  ; --            ; --          ; --             ;
; MISC_FILE                            ; fft-library/apn_fftfp_rsft32_fft_110.vhd                               ; --            ; --          ; --             ;
; MISC_FILE                            ; fft-library/apn_fftfp_rvsctl_fft_110.vhd                               ; --            ; --          ; --             ;
; MISC_FILE                            ; fft-library/apn_fftfp_rvs_fft_110.vhd                                  ; --            ; --          ; --             ;
; MISC_FILE                            ; fft-library/apn_fftfp_shift_fft_110.vhd                                ; --            ; --          ; --             ;
; MISC_FILE                            ; fft-library/apn_fftfp_snorm_fft_110.vhd                                ; --            ; --          ; --             ;
; MISC_FILE                            ; fft-library/apn_fftfp_snorm_mul_fft_110.vhd                            ; --            ; --          ; --             ;
; MISC_FILE                            ; fft-library/apn_fftfp_stage_fft_110.vhd                                ; --            ; --          ; --             ;
; MISC_FILE                            ; fft-library/apn_fftfp_sub_fft_110.vhd                                  ; --            ; --          ; --             ;
; MISC_FILE                            ; fft-library/apn_fftfp_top_fft_110.vhd                                  ; --            ; --          ; --             ;
; MISC_FILE                            ; fft-library/apn_fftfp_twiddle_fft_110.vhd                              ; --            ; --          ; --             ;
; MISC_FILE                            ; fft-library/apn_fftfp_twiddle_opt_fft_110.vhd                          ; --            ; --          ; --             ;
; MISC_FILE                            ; fft-library/apn_fftfp_unorm_fft_110.vhd                                ; --            ; --          ; --             ;
; MISC_FILE                            ; fft-library/apn_fft_cmult_cpx_fft_110.vhd                              ; --            ; --          ; --             ;
; MISC_FILE                            ; fft-library/apn_fft_mult_cpx_1825_fft_110.v                            ; --            ; --          ; --             ;
; MISC_FILE                            ; fft-library/apn_fft_mult_cpx_fft_110.vhd                               ; --            ; --          ; --             ;
; MISC_FILE                            ; fft-library/apn_hcc_cntsgn32_fft_110.vhd                               ; --            ; --          ; --             ;
; MISC_FILE                            ; fft-library/apn_hcc_cntusgn32_fft_110.vhd                              ; --            ; --          ; --             ;
; MISC_FILE                            ; fft-library/apn_hcc_sgnpstn_fft_110.vhd                                ; --            ; --          ; --             ;
; MISC_FILE                            ; fft-library/apn_hcc_usgnpos_fft_110.vhd                                ; --            ; --          ; --             ;
; MISC_FILE                            ; fft-library/asj_fft_1dp_ram_fft_110.vhd                                ; --            ; --          ; --             ;
; MISC_FILE                            ; fft-library/asj_fft_1tdp_rom_fft_110.vhd                               ; --            ; --          ; --             ;
; MISC_FILE                            ; fft-library/asj_fft_3dp_rom_fft_110.vhd                                ; --            ; --          ; --             ;
; MISC_FILE                            ; fft-library/asj_fft_3pi_mram_fft_110.vhd                               ; --            ; --          ; --             ;
; MISC_FILE                            ; fft-library/asj_fft_3tdp_rom_fft_110.vhd                               ; --            ; --          ; --             ;
; MISC_FILE                            ; fft-library/asj_fft_4dp_ram_fft_110.vhd                                ; --            ; --          ; --             ;
; MISC_FILE                            ; fft-library/asj_fft_6tdp_rom_fft_110.vhd                               ; --            ; --          ; --             ;
; MISC_FILE                            ; fft-library/asj_fft_alt_shift_tdl_fft_110.vhd                          ; --            ; --          ; --             ;
; MISC_FILE                            ; fft-library/asj_fft_bfp_ctrl_fft_110.vhd                               ; --            ; --          ; --             ;
; MISC_FILE                            ; fft-library/asj_fft_bfp_i_1pt_fft_110.vhd                              ; --            ; --          ; --             ;
; MISC_FILE                            ; fft-library/asj_fft_bfp_i_fft_110.vhd                                  ; --            ; --          ; --             ;
; MISC_FILE                            ; fft-library/asj_fft_bfp_o_1pt_fft_110.vhd                              ; --            ; --          ; --             ;
; MISC_FILE                            ; fft-library/asj_fft_bfp_o_fft_110.vhd                                  ; --            ; --          ; --             ;
; MISC_FILE                            ; fft-library/asj_fft_burst_ctrl_de_fft_110.vhd                          ; --            ; --          ; --             ;
; MISC_FILE                            ; fft-library/asj_fft_burst_ctrl_fft_110.vhd                             ; --            ; --          ; --             ;
; MISC_FILE                            ; fft-library/asj_fft_burst_ctrl_qe_fft_110.vhd                          ; --            ; --          ; --             ;
; MISC_FILE                            ; fft-library/asj_fft_cmult_can_fft_110.vhd                              ; --            ; --          ; --             ;
; MISC_FILE                            ; fft-library/asj_fft_cmult_std_fft_110.vhd                              ; --            ; --          ; --             ;
; MISC_FILE                            ; fft-library/asj_fft_cnt_ctrl_de_fft_110.vhd                            ; --            ; --          ; --             ;
; MISC_FILE                            ; fft-library/asj_fft_cnt_ctrl_fft_110.vhd                               ; --            ; --          ; --             ;
; MISC_FILE                            ; fft-library/asj_fft_cxb_addr_fft_110.vhd                               ; --            ; --          ; --             ;
; MISC_FILE                            ; fft-library/asj_fft_cxb_data_fft_110.vhd                               ; --            ; --          ; --             ;
; MISC_FILE                            ; fft-library/asj_fft_cxb_data_mram_fft_110.vhd                          ; --            ; --          ; --             ;
; MISC_FILE                            ; fft-library/asj_fft_cxb_data_r_fft_110.vhd                             ; --            ; --          ; --             ;
; MISC_FILE                            ; fft-library/asj_fft_dataadgen_fft_110.vhd                              ; --            ; --          ; --             ;
; MISC_FILE                            ; fft-library/asj_fft_data_ram_dp_fft_110.vhd                            ; --            ; --          ; --             ;
; MISC_FILE                            ; fft-library/asj_fft_data_ram_fft_110.vhd                               ; --            ; --          ; --             ;
; MISC_FILE                            ; fft-library/asj_fft_dft_bfp_fft_110.vhd                                ; --            ; --          ; --             ;
; MISC_FILE                            ; fft-library/asj_fft_dft_bfp_sgl_fft_110.vhd                            ; --            ; --          ; --             ;
; MISC_FILE                            ; fft-library/asj_fft_dpi_mram_fft_110.vhd                               ; --            ; --          ; --             ;
; MISC_FILE                            ; fft-library/asj_fft_dp_mram_fft_110.vhd                                ; --            ; --          ; --             ;
; MISC_FILE                            ; fft-library/asj_fft_dualstream_fft_110.vhd                             ; --            ; --          ; --             ;
; MISC_FILE                            ; fft-library/asj_fft_in_write_sgl_fft_110.vhd                           ; --            ; --          ; --             ;
; MISC_FILE                            ; fft-library/asj_fft_lcm_mult_2m_fft_110.vhd                            ; --            ; --          ; --             ;
; MISC_FILE                            ; fft-library/asj_fft_lcm_mult_fft_110.vhd                               ; --            ; --          ; --             ;
; MISC_FILE                            ; fft-library/asj_fft_lpprdadgen_fft_110.vhd                             ; --            ; --          ; --             ;
; MISC_FILE                            ; fft-library/asj_fft_lpprdadr2gen_fft_110.vhd                           ; --            ; --          ; --             ;
; MISC_FILE                            ; fft-library/asj_fft_lpp_fft_110.vhd                                    ; --            ; --          ; --             ;
; MISC_FILE                            ; fft-library/asj_fft_lpp_serial_fft_110.vhd                             ; --            ; --          ; --             ;
; MISC_FILE                            ; fft-library/asj_fft_lpp_serial_r2_fft_110.vhd                          ; --            ; --          ; --             ;
; MISC_FILE                            ; fft-library/asj_fft_mult_add_fft_110.vhd                               ; --            ; --          ; --             ;
; MISC_FILE                            ; fft-library/asj_fft_m_k_counter_fft_110.vhd                            ; --            ; --          ; --             ;
; MISC_FILE                            ; fft-library/asj_fft_pround_fft_110.vhd                                 ; --            ; --          ; --             ;
; MISC_FILE                            ; fft-library/asj_fft_sglstream_fft_110.vhd                              ; --            ; --          ; --             ;
; MISC_FILE                            ; fft-library/asj_fft_si_de_so_bb_fft_110.vhd                            ; --            ; --          ; --             ;
; MISC_FILE                            ; fft-library/asj_fft_si_de_so_b_fft_110.vhd                             ; --            ; --          ; --             ;
; MISC_FILE                            ; fft-library/asj_fft_si_qe_so_bb_fft_110.vhd                            ; --            ; --          ; --             ;
; MISC_FILE                            ; fft-library/asj_fft_si_qe_so_b_fft_110.vhd                             ; --            ; --          ; --             ;
; MISC_FILE                            ; fft-library/asj_fft_si_se_so_bb_fft_110.vhd                            ; --            ; --          ; --             ;
; MISC_FILE                            ; fft-library/asj_fft_si_se_so_b_fft_110.vhd                             ; --            ; --          ; --             ;
; MISC_FILE                            ; fft-library/asj_fft_si_sose_so_b_fft_110.vhd                           ; --            ; --          ; --             ;
; MISC_FILE                            ; fft-library/asj_fft_tdl_bit_fft_110.vhd                                ; --            ; --          ; --             ;
; MISC_FILE                            ; fft-library/asj_fft_tdl_bit_rst_fft_110.vhd                            ; --            ; --          ; --             ;
; MISC_FILE                            ; fft-library/asj_fft_tdl_fft_110.vhd                                    ; --            ; --          ; --             ;
; MISC_FILE                            ; fft-library/asj_fft_tdl_rst_fft_110.vhd                                ; --            ; --          ; --             ;
; MISC_FILE                            ; fft-library/asj_fft_twadgen_dual_fft_110.vhd                           ; --            ; --          ; --             ;
; MISC_FILE                            ; fft-library/asj_fft_twadgen_fft_110.vhd                                ; --            ; --          ; --             ;
; MISC_FILE                            ; fft-library/asj_fft_twadsogen_fft_110.vhd                              ; --            ; --          ; --             ;
; MISC_FILE                            ; fft-library/asj_fft_twadsogen_q_fft_110.vhd                            ; --            ; --          ; --             ;
; MISC_FILE                            ; fft-library/asj_fft_twiddle_ctrl_qe_fft_110.vhd                        ; --            ; --          ; --             ;
; MISC_FILE                            ; fft-library/asj_fft_twid_rom_tdp_fft_110.vhd                           ; --            ; --          ; --             ;
; MISC_FILE                            ; fft-library/asj_fft_unbburst_ctrl_de_fft_110.vhd                       ; --            ; --          ; --             ;
; MISC_FILE                            ; fft-library/asj_fft_unbburst_ctrl_fft_110.vhd                          ; --            ; --          ; --             ;
; MISC_FILE                            ; fft-library/asj_fft_unbburst_ctrl_qe_fft_110.vhd                       ; --            ; --          ; --             ;
; MISC_FILE                            ; fft-library/asj_fft_unbburst_sose_ctrl_fft_110.vhd                     ; --            ; --          ; --             ;
; MISC_FILE                            ; fft-library/asj_fft_wrengen_fft_110.vhd                                ; --            ; --          ; --             ;
; MISC_FILE                            ; fft-library/asj_fft_wrswgen_fft_110.vhd                                ; --            ; --          ; --             ;
; MISC_FILE                            ; fft-library/auk_dspip_avalon_streaming_block_sink_fft_110.vhd          ; --            ; --          ; --             ;
; MISC_FILE                            ; fft-library/auk_dspip_avalon_streaming_block_source_fft_110.vhd        ; --            ; --          ; --             ;
; MISC_FILE                            ; fft-library/auk_dspip_avalon_streaming_controller_fft_110.vhd          ; --            ; --          ; --             ;
; MISC_FILE                            ; fft-library/auk_dspip_avalon_streaming_controller_pe_fft_110.vhd       ; --            ; --          ; --             ;
; MISC_FILE                            ; fft-library/auk_dspip_avalon_streaming_monitor_fft_110.vhd             ; --            ; --          ; --             ;
; MISC_FILE                            ; fft-library/auk_dspip_avalon_streaming_sink_fft_110.vhd                ; --            ; --          ; --             ;
; MISC_FILE                            ; fft-library/auk_dspip_avalon_streaming_sink_model_fft_110.vhd          ; --            ; --          ; --             ;
; MISC_FILE                            ; fft-library/auk_dspip_avalon_streaming_source_fft_110.vhd              ; --            ; --          ; --             ;
; MISC_FILE                            ; fft-library/auk_dspip_avalon_streaming_source_from_monitor_fft_110.vhd ; --            ; --          ; --             ;
; MISC_FILE                            ; fft-library/auk_dspip_avalon_streaming_source_model_fft_110.vhd        ; --            ; --          ; --             ;
; MISC_FILE                            ; fft-library/auk_dspip_bit_reverse_addr_control_fft_110.vhd             ; --            ; --          ; --             ;
; MISC_FILE                            ; fft-library/auk_dspip_bit_reverse_core_fft_110.vhd                     ; --            ; --          ; --             ;
; MISC_FILE                            ; fft-library/auk_dspip_bit_reverse_reverse_carry_adder_fft_110.vhd      ; --            ; --          ; --             ;
; MISC_FILE                            ; fft-library/auk_dspip_fpcompiler_alufp_fft_110.vhd                     ; --            ; --          ; --             ;
; MISC_FILE                            ; fft-library/auk_dspip_fpcompiler_aslf_fft_110.vhd                      ; --            ; --          ; --             ;
; MISC_FILE                            ; fft-library/auk_dspip_fpcompiler_asrf_fft_110.vhd                      ; --            ; --          ; --             ;
; MISC_FILE                            ; fft-library/auk_dspip_fpcompiler_castftox_fft_110.vhd                  ; --            ; --          ; --             ;
; MISC_FILE                            ; fft-library/auk_dspip_fpcompiler_castxtof_fft_110.vhd                  ; --            ; --          ; --             ;
; MISC_FILE                            ; fft-library/auk_dspip_fpcompiler_clzf_fft_110.vhd                      ; --            ; --          ; --             ;
; MISC_FILE                            ; fft-library/auk_dspip_fpcompiler_mulfp_fft_110.vhd                     ; --            ; --          ; --             ;
; MISC_FILE                            ; fft-library/auk_dspip_lib_pkg_fft_110.vhd                              ; --            ; --          ; --             ;
; MISC_FILE                            ; fft-library/auk_dspip_math_pkg_fft_110.vhd                             ; --            ; --          ; --             ;
; MISC_FILE                            ; fft-library/auk_dspip_r22sdf_adder_fp_fft_110.vhd                      ; --            ; --          ; --             ;
; MISC_FILE                            ; fft-library/auk_dspip_r22sdf_addsub_fft_110.vhd                        ; --            ; --          ; --             ;
; MISC_FILE                            ; fft-library/auk_dspip_r22sdf_bfii_fft_110.vhd                          ; --            ; --          ; --             ;
; MISC_FILE                            ; fft-library/auk_dspip_r22sdf_bfi_fft_110.vhd                           ; --            ; --          ; --             ;
; MISC_FILE                            ; fft-library/auk_dspip_r22sdf_bf_control_fft_110.vhd                    ; --            ; --          ; --             ;
; MISC_FILE                            ; fft-library/auk_dspip_r22sdf_cma_adder_fp_fft_110.vhd                  ; --            ; --          ; --             ;
; MISC_FILE                            ; fft-library/auk_dspip_r22sdf_cma_bfi_fp_fft_110.vhd                    ; --            ; --          ; --             ;
; MISC_FILE                            ; fft-library/auk_dspip_r22sdf_cma_fft_110.vhd                           ; --            ; --          ; --             ;
; MISC_FILE                            ; fft-library/auk_dspip_r22sdf_core_fft_110.vhd                          ; --            ; --          ; --             ;
; MISC_FILE                            ; fft-library/auk_dspip_r22sdf_counter_fft_110.vhd                       ; --            ; --          ; --             ;
; MISC_FILE                            ; fft-library/auk_dspip_r22sdf_delay_fft_110.vhd                         ; --            ; --          ; --             ;
; MISC_FILE                            ; fft-library/auk_dspip_r22sdf_enable_control_fft_110.vhd                ; --            ; --          ; --             ;
; MISC_FILE                            ; fft-library/auk_dspip_r22sdf_lib_pkg_fft_110.vhd                       ; --            ; --          ; --             ;
; MISC_FILE                            ; fft-library/auk_dspip_r22sdf_stage_fft_110.vhd                         ; --            ; --          ; --             ;
; MISC_FILE                            ; fft-library/auk_dspip_r22sdf_stg_out_pipe_fft_110.vhd                  ; --            ; --          ; --             ;
; MISC_FILE                            ; fft-library/auk_dspip_r22sdf_stg_pipe_fft_110.vhd                      ; --            ; --          ; --             ;
; MISC_FILE                            ; fft-library/auk_dspip_r22sdf_top_fft_110.vhd                           ; --            ; --          ; --             ;
; MISC_FILE                            ; fft-library/auk_dspip_r22sdf_twrom_fft_110.vhd                         ; --            ; --          ; --             ;
; MISC_FILE                            ; fft-library/auk_dspip_roundsat_fft_110.vhd                             ; --            ; --          ; --             ;
; MISC_FILE                            ; fft-library/auk_dspip_text_pkg_fft_110.vhd                             ; --            ; --          ; --             ;
; MISC_FILE                            ; fft-library/fft_pack_fft_110.vhd                                       ; --            ; --          ; --             ;
; MISC_FILE                            ; fft-library/twid_rom_fft_110.vhd                                       ; --            ; --          ; --             ;
; MISC_FILE                            ; fft_test.vo                                                            ; --            ; --          ; --             ;
; MISC_FILE                            ; fft_test_tb.v                                                          ; --            ; --          ; --             ;
; MISC_FILE                            ; fft_test_model.m                                                       ; --            ; --          ; --             ;
; MISC_FILE                            ; fft_test_tb.m                                                          ; --            ; --          ; --             ;
; MISC_FILE                            ; fft_test_nativelink.tcl                                                ; --            ; --          ; --             ;
; MISC_FILE                            ; fft_test_real_input.txt                                                ; --            ; --          ; --             ;
; MISC_FILE                            ; fft_test_imag_input.txt                                                ; --            ; --          ; --             ;
; MISC_FILE                            ; fft_test_1n256sin.hex                                                  ; --            ; --          ; --             ;
; MISC_FILE                            ; fft_test_2n256sin.hex                                                  ; --            ; --          ; --             ;
; MISC_FILE                            ; fft_test_3n256sin.hex                                                  ; --            ; --          ; --             ;
; MISC_FILE                            ; fft_test_1n256cos.hex                                                  ; --            ; --          ; --             ;
; MISC_FILE                            ; fft_test_2n256cos.hex                                                  ; --            ; --          ; --             ;
; MISC_FILE                            ; fft_test_3n256cos.hex                                                  ; --            ; --          ; --             ;
; MISC_FILE                            ; fft_test.v                                                             ; --            ; --          ; --             ;
; MISC_FILE                            ; fft_test_bb.v                                                          ; --            ; --          ; --             ;
; MISC_FILE                            ; fft_test.bsf                                                           ; --            ; --          ; --             ;
; MISC_FILE                            ; fft_test_syn.v                                                         ; --            ; --          ; --             ;
; MISC_FILE                            ; fft_test.qip                                                           ; --            ; --          ; --             ;
; MISC_FILE                            ; fft_test.html                                                          ; --            ; --          ; --             ;
; PARTITION_COLOR                      ; 16764057                                                               ; --            ; --          ; Top            ;
; PARTITION_FITTER_PRESERVATION_LEVEL  ; PLACEMENT_AND_ROUTING                                                  ; --            ; --          ; Top            ;
; PARTITION_NETLIST_TYPE               ; SOURCE                                                                 ; --            ; --          ; Top            ;
; SEARCH_PATH                          ; .                                                                      ; --            ; --          ; --             ;
; SEARCH_PATH                          ; fft-library                                                            ; --            ; --          ; --             ;
+--------------------------------------+------------------------------------------------------------------------+---------------+-------------+----------------+


+-------------------------------------------------------------------------------------------------------------------------------+
; Flow Elapsed Time                                                                                                             ;
+---------------------------+--------------+-------------------------+---------------------+------------------------------------+
; Module Name               ; Elapsed Time ; Average Processors Used ; Peak Virtual Memory ; Total CPU Time (on all processors) ;
+---------------------------+--------------+-------------------------+---------------------+------------------------------------+
; Analysis & Synthesis      ; 00:00:20     ; 1.0                     ; 344 MB              ; 00:00:14                           ;
; Fitter                    ; 00:00:08     ; 1.2                     ; 370 MB              ; 00:00:08                           ;
; Assembler                 ; 00:00:02     ; 1.0                     ; 278 MB              ; 00:00:01                           ;
; TimeQuest Timing Analyzer ; 00:00:03     ; 1.5                     ; 286 MB              ; 00:00:03                           ;
; EDA Netlist Writer        ; 00:00:04     ; 1.0                     ; 259 MB              ; 00:00:03                           ;
; Total                     ; 00:00:37     ; --                      ; --                  ; 00:00:29                           ;
+---------------------------+--------------+-------------------------+---------------------+------------------------------------+


+----------------------------------------------------------------------------------------+
; Flow OS Summary                                                                        ;
+---------------------------+------------------+-----------+------------+----------------+
; Module Name               ; Machine Hostname ; OS Name   ; OS Version ; Processor type ;
+---------------------------+------------------+-----------+------------+----------------+
; Analysis & Synthesis      ; scarecrowwn-pc   ; Windows 7 ; 6.2        ; x86_64         ;
; Fitter                    ; scarecrowwn-pc   ; Windows 7 ; 6.2        ; x86_64         ;
; Assembler                 ; scarecrowwn-pc   ; Windows 7 ; 6.2        ; x86_64         ;
; TimeQuest Timing Analyzer ; scarecrowwn-pc   ; Windows 7 ; 6.2        ; x86_64         ;
; EDA Netlist Writer        ; scarecrowwn-pc   ; Windows 7 ; 6.2        ; x86_64         ;
+---------------------------+------------------+-----------+------------+----------------+


------------
; Flow Log ;
------------
quartus_map --read_settings_files=on --write_settings_files=off fft -c fft_test
quartus_fit --read_settings_files=off --write_settings_files=off fft -c fft_test
quartus_asm --read_settings_files=off --write_settings_files=off fft -c fft_test
quartus_sta fft -c fft_test
quartus_eda --read_settings_files=off --write_settings_files=off fft -c fft_test



